info: Microsoft.Hosting.Lifetime[14]
      Now listening on: http://localhost:5257
info: Microsoft.Hosting.Lifetime[0]
      Application started. Press Ctrl+C to shut down.
info: Microsoft.Hosting.Lifetime[0]
      Hosting environment: Production
info: Microsoft.Hosting.Lifetime[0]
      Content root path: C:\Development\NetRentManager\app\frontend\src\NetRentManagerWeb
warn: Microsoft.AspNetCore.HttpsPolicy.HttpsRedirectionMiddleware[3]
      Failed to determine the https port for redirect.
info: System.Net.Http.HttpClient.NetRentManagerApi.LogicalHandler[100]
      Start processing HTTP request GET http://localhost:5252/api/properties?*
info: System.Net.Http.HttpClient.NetRentManagerApi.ClientHandler[100]
      Sending HTTP request GET http://localhost:5252/api/properties?*
info: System.Net.Http.HttpClient.NetRentManagerApi.ClientHandler[101]
      Received HTTP response headers after 445.8147ms - 200
info: System.Net.Http.HttpClient.NetRentManagerApi.LogicalHandler[101]
      End processing HTTP request after 454.5024ms - 200
info: System.Net.Http.HttpClient.NetRentManagerApi.LogicalHandler[100]
      Start processing HTTP request GET http://localhost:5252/api/properties?*
info: System.Net.Http.HttpClient.NetRentManagerApi.ClientHandler[100]
      Sending HTTP request GET http://localhost:5252/api/properties?*
info: System.Net.Http.HttpClient.NetRentManagerApi.ClientHandler[101]
      Received HTTP response headers after 319.2701ms - 200
info: System.Net.Http.HttpClient.NetRentManagerApi.LogicalHandler[101]
      End processing HTTP request after 319.4669ms - 200
info: System.Net.Http.HttpClient.NetRentManagerApi.LogicalHandler[100]
      Start processing HTTP request GET http://localhost:5252/api/properties?*
info: System.Net.Http.HttpClient.NetRentManagerApi.ClientHandler[100]
      Sending HTTP request GET http://localhost:5252/api/properties?*
info: System.Net.Http.HttpClient.NetRentManagerApi.ClientHandler[101]
      Received HTTP response headers after 1243.4754ms - 200
info: System.Net.Http.HttpClient.NetRentManagerApi.LogicalHandler[101]
      End processing HTTP request after 1243.6463ms - 200
